-- Automatically generated by SQLQueryTestSuite
-- Number of queries: 3


-- !query 0
CREATE OR REPLACE TEMPORARY VIEW tbl_a AS VALUES (1, 1), (2, 1), (3, 6) AS T(c1, c2)
-- !query 0 schema
struct<>
-- !query 0 output



-- !query 1
CREATE OR REPLACE TEMPORARY VIEW tbl_b AS VALUES 1 AS T(c1)
-- !query 1 schema
struct<>
-- !query 1 output



-- !query 2
SELECT *
FROM   tbl_a
       LEFT ANTI JOIN tbl_b ON ((tbl_a.c1 = tbl_a.c2) IS NULL OR tbl_a.c1 = tbl_a.c2)
-- !query 2 schema
struct<c1:int,c2:int>
-- !query 2 output
2	1
3	6
